<!DOCTYPE html>
<html>
<head lang="en">
  <meta charset="UTF-8">
  <title>Test</title>
    <link rel="stylesheet" href="http://s0.qhimg.com/default/bundle/0_0_4.css"/>
  </head>
<body>
<script src="http://libs.useso.com/js/jquery/1.9.1/jquery.min.js"></script>
<script src="http://js.passport.qihucdn.com/5.0.2.js"></script>
<script src="http://u.youxi.com/js/mylogin/yuc2.0.js"></script>
<script src="http://s0.qhimg.com/default/harry/0_0_4.js"></script>
<script src="http://s0.qhimg.com/default/bar;foo/0_0_4.js?aaa=123&bbb=ccc"></script>
<script src="http://s0.qhimg.com/default/bar;jam/0_0_4.js?aaa=123&bbb=ccc"></script>
</body>
</html>